Microchip MPLAB XC8 Compiler V2.30

Linker command line:

-W-3 --edf=C:\Program Files\Microchip\xc8\v2.30\pic\dat\en_msgs.txt -cn \
  -h+dist/default/production\my_project.X.production.sym \
  --cmf=dist/default/production\my_project.X.production.cmf -z -Q18F46K20 \
  -oC:\Users\user\AppData\Local\Temp\s16ggx2 --defsym=__MPLAB_BUILD=1 \
  -Mdist/default/production/my_project.X.production.map -E1 \
  -ver=XC8 Compiler --acfsm=1493 -ASTACK=060h-0F5Fh -pstack=STACK \
  -ACODE=00h-0FFFFh -ACONST=00h-0FFFFh -ASMALLCONST=01000h-010FFhx240 \
  -AMEDIUMCONST=01000h-0FFFFh -ACOMRAM=01h-05Fh -AABS1=00h-0F5Fh \
  -ABIGRAM=01h-0F5Fh -ARAM=060h-0FFh,0100h-01FFhx14,0F00h-0F5Fh \
  -ABANK0=060h-0FFh -ABANK1=0100h-01FFh -ABANK2=0200h-02FFh \
  -ABANK3=0300h-03FFh -ABANK4=0400h-04FFh -ABANK5=0500h-05FFh \
  -ABANK6=0600h-06FFh -ABANK7=0700h-07FFh -ABANK8=0800h-08FFh \
  -ABANK9=0900h-09FFh -ABANK10=0A00h-0AFFh -ABANK11=0B00h-0BFFh \
  -ABANK12=0C00h-0CFFh -ABANK13=0D00h-0DFFh -ABANK14=0E00h-0EFFh \
  -ABANK15=0F00h-0F5Fh -ASFR=0F60h-0FFFh -ACONFIG=0300000h-030000Dh \
  -AIDLOC=0200000h-0200007h -AEEDATA=0F00000h-0F003FFh -peeprom_data=EEDATA \
  -preset_vec=00h,intcode,intcodelo,powerup,init -pramtop=01000h \
  -psmallconst=SMALLCONST -pmediumconst=MEDIUMCONST -pconst=CONST \
  -AFARRAM=00h-00h \
  -prdata=COMRAM,nvrram=COMRAM,nvbit=COMRAM,rbss=COMRAM,rbit=COMRAM \
  -pfarbss=FARRAM,fardata=FARRAM,nvFARRAM=FARRAM \
  -pintsave_regs=BIGRAM,bigbss=BIGRAM,bigdata=BIGRAM -pbss=RAM \
  -pidata=CODE,irdata=CODE,ibigdata=CODE,ifardata=CODE -prparam=COMRAM \
  C:\Users\user\AppData\Local\Temp\s16ggx8.o \
  dist/default/production\my_project.X.production.o 

Object code version is 3.11

Machine type is 18F46K20



                Name                               Link     Load   Length Selector   Space Scale
C:\Users\user\AppData\Local\Temp\s16ggx8.o
                idloc                            200000   200000        8        0       5
                config                           300000   300000        E        0       4
                init                                  0        0        4        0       0
dist/default/production\my_project.X.production.o
                idloc                            200000   200000        8        0       5
                config                           300000   300000        E        0       4
                text7                              FC20     FC20       B8     7E10       0
                text6                              FCD8     FCD8       B8     7E6C       0
                text5                              FB72     FB72       4E     7DB9       0
                text4                              FACE     FACE       28     7D67       0
                text3                              FAF6     FAF6       28     7D7B       0
                text2                              FBC0     FBC0       60     7DE0       0
                text1                              FB1E     FB1E       28     7D8F       0
                text0                              FD90     FD90      270     7EC8       0
                cstackCOMRAM                         27       27       18        1       1
                dataCOMRAM                            1        1       26        1       1
                bssCOMRAM                            3F       3F        1        1       1
                cinit                              FB46     FB46       2C     7DA3       0
                idataCOMRAM                        FAA8     FAA8       26     FAA8       0

TOTAL           Name                               Link     Load   Length     Space
        CLASS   STACK          

        CLASS   CODE           
                init                                  0        0        4         0
                text7                              FC20     FC20       B8         0
                text6                              FCD8     FCD8       B8         0
                text5                              FB72     FB72       4E         0
                text4                              FACE     FACE       28         0
                text3                              FAF6     FAF6       28         0
                text2                              FBC0     FBC0       60         0
                text1                              FB1E     FB1E       28         0
                text0                              FD90     FD90      270         0
                cinit                              FB46     FB46       2C         0
                idataCOMRAM                        FAA8     FAA8       26         0

        CLASS   CONST          

        CLASS   SMALLCONST     

        CLASS   MEDIUMCONST    

        CLASS   COMRAM         
                cstackCOMRAM                         27       27       18         1
                dataCOMRAM                            1        1       26         1
                bssCOMRAM                            3F       3F        1         1

        CLASS   ABS1           

        CLASS   BIGRAM         

        CLASS   RAM            

        CLASS   BANK0          

        CLASS   BANK1          

        CLASS   BANK2          

        CLASS   BANK3          

        CLASS   BANK4          

        CLASS   BANK5          

        CLASS   BANK6          

        CLASS   BANK7          

        CLASS   BANK8          

        CLASS   BANK9          

        CLASS   BANK10         

        CLASS   BANK11         

        CLASS   BANK12         

        CLASS   BANK13         

        CLASS   BANK14         

        CLASS   BANK15         

        CLASS   SFR            

        CLASS   CONFIG         
                config                           300000   300000        E         4

        CLASS   IDLOC          
                idloc                            200000   200000        8         5

        CLASS   EEDATA         

        CLASS   FARRAM         



SEGMENTS        Name                           Load    Length   Top    Selector   Space  Class

                reset_vec                      000000  000004  000004         0       0  CODE    
                dataCOMRAM                     000001  00003F  000040         1       1  COMRAM  
                idataCOMRAM                    00FAA8  000026  00FACE      FAA8       0  CODE    
                text4                          00FACE  000028  00FAF6      7D67       0  CODE    
                text3                          00FAF6  000028  00FB1E      7D7B       0  CODE    
                text1                          00FB1E  000028  00FB46      7D8F       0  CODE    
                cinit                          00FB46  00002C  00FB72      7DA3       0  CODE    
                text5                          00FB72  00004E  00FBC0      7DB9       0  CODE    
                text2                          00FBC0  000060  00FC20      7DE0       0  CODE    
                text7                          00FC20  0000B8  00FCD8      7E10       0  CODE    
                text6                          00FCD8  0000B8  00FD90      7E6C       0  CODE    
                text0                          00FD90  000270  010000      7EC8       0  CODE    


UNUSED ADDRESS RANGES

        Name                Unused          Largest block    Delta
        BANK0            000060-0000FF               A0
        BANK1            000100-0001FF              100
        BANK10           000A00-000AFF              100
        BANK11           000B00-000BFF              100
        BANK12           000C00-000CFF              100
        BANK13           000D00-000DFF              100
        BANK14           000E00-000EFF              100
        BANK15           000F00-000F5F               60
        BANK2            000200-0002FF              100
        BANK3            000300-0003FF              100
        BANK4            000400-0004FF              100
        BANK5            000500-0005FF              100
        BANK6            000600-0006FF              100
        BANK7            000700-0007FF              100
        BANK8            000800-0008FF              100
        BANK9            000900-0009FF              100
        BIGRAM           000040-000F5F              F20
        CODE             000004-00FAA7             FAA4
        COMRAM           000040-00005F               20
        CONST            000004-00FAA7             FAA4
        EEDATA           F00000-F003FF              400
        MEDIUMCONST      001000-00FAA7             EAA8
        RAM              000060-000F5F              100
        SFR              000F60-000FFF               A0
        SMALLCONST       001000-00FAA7              100
        STACK            000060-000F5F              F00

                                  Symbol Table

_LATA                       (abs)        000F89
_LATB                       (abs)        000F8A
_LATC                       (abs)        000F8B
_LATD                       (abs)        000F8C
_LATE                       (abs)        000F8D
_PORTA                      (abs)        000F80
_PORTB                      (abs)        000F81
_PORTC                      (abs)        000F82
_PORTD                      (abs)        000F83
_PORTE                      (abs)        000F84
_TRISA                      (abs)        000F92
_TRISB                      (abs)        000F93
_TRISC                      (abs)        000F94
_TRISD                      (abs)        000F95
_TRISE                      (abs)        000F96
__HRAM                      (abs)        000000
__Habs1                     abs1         000000
__Hbank0                    bank0        000000
__Hbank1                    bank1        000000
__Hbank10                   bank10       000000
__Hbank11                   bank11       000000
__Hbank12                   bank12       000000
__Hbank13                   bank13       000000
__Hbank14                   bank14       000000
__Hbank15                   bank15       000000
__Hbank2                    bank2        000000
__Hbank3                    bank3        000000
__Hbank4                    bank4        000000
__Hbank5                    bank5        000000
__Hbank6                    bank6        000000
__Hbank7                    bank7        000000
__Hbank8                    bank8        000000
__Hbank9                    bank9        000000
__Hbigbss                   bigbss       000000
__Hbigdata                  bigdata      000000
__Hbigram                   bigram       000000
__Hbss                      bss          000000
__HbssCOMRAM                bssCOMRAM    000000
__Hcinit                    cinit        000000
__Hclrtext                  clrtext      000000
__Hcomram                   comram       000000
__Hconfig                   config       30000E
__Hconst                    const        000000
__HcstackCOMRAM             cstackCOMRAM 000000
__Hdata                     data         000000
__HdataCOMRAM               dataCOMRAM   000000
__Heeprom_data              eeprom_data  000000
__Hfarbss                   farbss       000000
__Hfardata                  fardata      000000
__Hibigdata                 ibigdata     000000
__Hidata                    idata        000000
__HidataCOMRAM              idataCOMRAM  000000
__Hidloc                    idloc        200008
__Hifardata                 ifardata     000000
__Hinit                     init         000004
__Hintcode                  intcode      000000
__Hintcode_body             intcode_body 000000
__Hintcodelo                intcodelo    000000
__Hintentry                 intentry     000000
__Hintret                   intret       000000
__Hintsave_regs             intsave_regs 000000
__Hirdata                   irdata       000000
__Hmediumconst              mediumconst  000000
__HnvFARRAM                 nvFARRAM     000000
__Hnvbit                    nvbit        000000
__Hnvrram                   nvrram       000000
__Hparam                    rparam       000000
__Hpowerup                  powerup      000000
__Hram                      ram          000000
__Hramtop                   ramtop       001000
__Hrbit                     rbit         000000
__Hrbss                     rbss         000000
__Hrdata                    rdata        000000
__Hreset_vec                reset_vec    000000
__Hrparam                   rparam       000000
__Hsfr                      sfr          000000
__Hsmallconst               smallconst   000000
__Hspace_0                  (abs)        010000
__Hspace_1                  (abs)        000040
__Hspace_2                  (abs)        000000
__Hspace_4                  (abs)        60000E
__Hstack                    stack        000000
__Hstruct                   struct       000000
__Htemp                     temp         000000
__Htext                     text         000000
__Htext0                    text0        000000
__Htext1                    text1        000000
__Htext2                    text2        000000
__Htext3                    text3        000000
__Htext4                    text4        000000
__Htext5                    text5        000000
__Htext6                    text6        000000
__Htext7                    text7        000000
__LRAM                      (abs)        000001
__Labs1                     abs1         000000
__Lbank0                    bank0        000000
__Lbank1                    bank1        000000
__Lbank10                   bank10       000000
__Lbank11                   bank11       000000
__Lbank12                   bank12       000000
__Lbank13                   bank13       000000
__Lbank14                   bank14       000000
__Lbank15                   bank15       000000
__Lbank2                    bank2        000000
__Lbank3                    bank3        000000
__Lbank4                    bank4        000000
__Lbank5                    bank5        000000
__Lbank6                    bank6        000000
__Lbank7                    bank7        000000
__Lbank8                    bank8        000000
__Lbank9                    bank9        000000
__Lbigbss                   bigbss       000000
__Lbigdata                  bigdata      000000
__Lbigram                   bigram       000000
__Lbss                      bss          000000
__LbssCOMRAM                bssCOMRAM    000000
__Lcinit                    cinit        000000
__Lclrtext                  clrtext      000000
__Lcomram                   comram       000000
__Lconfig                   config       000000
__Lconst                    const        000000
__LcstackCOMRAM             cstackCOMRAM 000000
__Ldata                     data         000000
__LdataCOMRAM               dataCOMRAM   000000
__Leeprom_data              eeprom_data  000000
__Lfarbss                   farbss       000000
__Lfardata                  fardata      000000
__Libigdata                 ibigdata     000000
__Lidata                    idata        000000
__LidataCOMRAM              idataCOMRAM  000000
__Lidloc                    idloc        000000
__Lifardata                 ifardata     000000
__Linit                     init         000000
__Lintcode                  intcode      000000
__Lintcode_body             intcode_body 000000
__Lintcodelo                intcodelo    000000
__Lintentry                 intentry     000000
__Lintret                   intret       000000
__Lintsave_regs             intsave_regs 000000
__Lirdata                   irdata       000000
__Lmediumconst              mediumconst  000000
__LnvFARRAM                 nvFARRAM     000000
__Lnvbit                    nvbit        000000
__Lnvrram                   nvrram       000000
__Lparam                    rparam       000000
__Lpowerup                  powerup      000000
__Lram                      ram          000000
__Lramtop                   ramtop       001000
__Lrbit                     rbit         000000
__Lrbss                     rbss         000000
__Lrdata                    rdata        000000
__Lreset_vec                reset_vec    000000
__Lrparam                   rparam       000000
__Lsfr                      sfr          000000
__Lsmallconst               smallconst   000000
__Lspace_0                  (abs)        000000
__Lspace_1                  (abs)        000000
__Lspace_2                  (abs)        000000
__Lspace_4                  (abs)        000000
__Lstack                    stack        000000
__Lstruct                   struct       000000
__Ltemp                     temp         000000
__Ltext                     text         000000
__Ltext0                    text0        000000
__Ltext1                    text1        000000
__Ltext2                    text2        000000
__Ltext3                    text3        000000
__Ltext4                    text4        000000
__Ltext5                    text5        000000
__Ltext6                    text6        000000
__Ltext7                    text7        000000
__S0                        (abs)        010000
__S1                        (abs)        000040
__S2                        (abs)        000000
__S4                        (abs)        000000
__S5                        (abs)        000000
___inthi_sp                 stack        000000
___intlo_sp                 stack        000000
___param_bank               (abs)        000000
___rparam_used              (abs)        000001
___sp                       stack        000000
__accesstop                 (abs)        000060
__activetblptr              (abs)        000002
__end_of__initialization    cinit        00FB68
__end_of_led_init           text5        00FBC0
__end_of_led_switch_off     text4        00FAF6
__end_of_led_switch_on      text3        00FB1E
__end_of_main               text0        010000
__end_of_read_button        text1        00FB46
__end_of_read_pin           text2        00FC20
__end_of_set_pin_direction  text7        00FCD8
__end_of_write_pin          text6        00FD90
__initialization            cinit        00FB46
__mediumconst               mediumconst  000000
__pbssCOMRAM                bssCOMRAM    00003F
__pcinit                    cinit        00FB46
__pcstackCOMRAM             cstackCOMRAM 000027
__pdataCOMRAM               dataCOMRAM   000001
__pidataCOMRAM              idataCOMRAM  00FAA8
__ptext0                    text0        00FD90
__ptext1                    text1        00FB1E
__ptext2                    text2        00FBC0
__ptext3                    text3        00FAF6
__ptext4                    text4        00FACE
__ptext5                    text5        00FB72
__ptext6                    text6        00FCD8
__ptext7                    text7        00FC20
__ramtop                    ramtop       001000
__size_of_led_init          (abs)        000000
__size_of_led_switch_off    (abs)        000000
__size_of_led_switch_on     (abs)        000000
__size_of_main              (abs)        000000
__size_of_read_button       (abs)        000000
__size_of_read_pin          (abs)        000000
__size_of_set_pin_direction (abs)        000000
__size_of_write_pin         (abs)        000000
__smallconst                smallconst   000000
_button1                    dataCOMRAM   000026
_lat_reg                    dataCOMRAM   00000B
_led                        dataCOMRAM   00001F
_led2                       bssCOMRAM    00003F
_led_init                   text5        00FB72
_led_switch_off             text4        00FACE
_led_switch_on              text3        00FAF6
_main                       text0        00FD90
_port_reg                   dataCOMRAM   000001
_read_button                text1        00FB1E
_read_pin                   text2        00FBC0
_set_pin_direction          text7        00FC20
_tris_reg                   dataCOMRAM   000015
_write_pin                  text6        00FCD8
end_of_initialization       cinit        00FB68
intlevel0                   text         000000
intlevel1                   text         000000
intlevel2                   text         000000
intlevel3                   text         000000
led_init@led                cstackCOMRAM 00002F
led_switch_off@led          cstackCOMRAM 00002F
led_switch_on@led           cstackCOMRAM 00002F
main@counter                cstackCOMRAM 00003D
main@i                      cstackCOMRAM 00003B
main@i_93                   cstackCOMRAM 000037
main@i_94                   cstackCOMRAM 000039
main@x                      cstackCOMRAM 000036
read_button@but             cstackCOMRAM 000031
read_button@status          cstackCOMRAM 000033
read_pin@pin_num            cstackCOMRAM 000027
read_pin@port_name          cstackCOMRAM 00002F
read_pin@val                cstackCOMRAM 000030
set_pin_direction@direction cstackCOMRAM 000028
set_pin_direction@pin_num   cstackCOMRAM 000027
set_pin_direction@port_name cstackCOMRAM 00002E
stackhi                     (abs)        000F5F
stacklo                     (abs)        000060
start                       init         000000
start_initialization        cinit        00FB46
write_pin@pin_mode          cstackCOMRAM 000028
write_pin@pin_num           cstackCOMRAM 000027
write_pin@port_name         cstackCOMRAM 00002E


FUNCTION INFORMATION:

 *************** function _main *****************
 Defined at:
		line 24 in file "application.c"
 Parameters:    Size  Location     Type
		None
 Auto vars:     Size  Location     Type
  i               2   18[COMRAM] int 
  i               2   16[COMRAM] int 
  i               2   20[COMRAM] int 
  counter         2   22[COMRAM] int 
  x               1   15[COMRAM] unsigned char 
 Return value:  Size  Location     Type
                  2   20[None  ] int 
 Registers used:
		wreg, fsr2l, fsr2h, status,2, status,0, prodl, prodh, cstack
 Tracked objects:
		On entry : 
		On exit  : 
		Unchanged: 
 Data sizes:     COMRAM   BANK0   BANK1   BANK2   BANK3   BANK4   BANK5   BANK6   BANK7   BANK8   BANK9  BANK10  BANK11  BANK12  BANK13  BANK14  BANK15
      Params:         0       0       0       0       0       0       0       0       0       0       0       0       0       0       0       0       0
      Locals:         9       0       0       0       0       0       0       0       0       0       0       0       0       0       0       0       0
      Temps:          2       0       0       0       0       0       0       0       0       0       0       0       0       0       0       0       0
      Totals:        11       0       0       0       0       0       0       0       0       0       0       0       0       0       0       0       0
Total ram usage:       11 bytes
 Hardware stack levels required when called:    2
 This function calls:
		_led_init
		_led_switch_off
		_led_switch_on
		_read_button
 This function is called by:
		Startup code after reset
 This function uses a non-reentrant model


 *************** function _read_button *****************
 Defined at:
		line 18 in file "ecu/button/button.c"
 Parameters:    Size  Location     Type
  but             2   10[COMRAM] PTR struct .
		 -> button1(1), 
 Auto vars:     Size  Location     Type
  status          1   12[COMRAM] unsigned char 
 Return value:  Size  Location     Type
                  1    wreg      unsigned char 
 Registers used:
		wreg, fsr2l, fsr2h, status,2, status,0, prodl, prodh, cstack
 Tracked objects:
		On entry : 
		On exit  : 
		Unchanged: 
 Data sizes:     COMRAM   BANK0   BANK1   BANK2   BANK3   BANK4   BANK5   BANK6   BANK7   BANK8   BANK9  BANK10  BANK11  BANK12  BANK13  BANK14  BANK15
      Params:         2       0       0       0       0       0       0       0       0       0       0       0       0       0       0       0       0
      Locals:         1       0       0       0       0       0       0       0       0       0       0       0       0       0       0       0       0
      Temps:          0       0       0       0       0       0       0       0       0       0       0       0       0       0       0       0       0
      Totals:         3       0       0       0       0       0       0       0       0       0       0       0       0       0       0       0       0
Total ram usage:        3 bytes
 Hardware stack levels used:    1
 Hardware stack levels required when called:    1
 This function calls:
		_read_pin
 This function is called by:
		_main
 This function uses a non-reentrant model


 *************** function _read_pin *****************
 Defined at:
		line 69 in file "mcal/mcal_gpio.c"
 Parameters:    Size  Location     Type
  port_name       1    wreg     enum E2695
  pin_num         1    0[COMRAM] enum E2685
 Auto vars:     Size  Location     Type
  port_name       1    8[COMRAM] enum E2695
  val             1    9[COMRAM] unsigned char 
 Return value:  Size  Location     Type
                  1    wreg      unsigned char 
 Registers used:
		wreg, fsr2l, fsr2h, status,2, status,0, prodl, prodh
 Tracked objects:
		On entry : 
		On exit  : 
		Unchanged: 
 Data sizes:     COMRAM   BANK0   BANK1   BANK2   BANK3   BANK4   BANK5   BANK6   BANK7   BANK8   BANK9  BANK10  BANK11  BANK12  BANK13  BANK14  BANK15
      Params:         1       0       0       0       0       0       0       0       0       0       0       0       0       0       0       0       0
      Locals:         2       0       0       0       0       0       0       0       0       0       0       0       0       0       0       0       0
      Temps:          7       0       0       0       0       0       0       0       0       0       0       0       0       0       0       0       0
      Totals:        10       0       0       0       0       0       0       0       0       0       0       0       0       0       0       0       0
Total ram usage:       10 bytes
 Hardware stack levels used:    1
 This function calls:
		Nothing
 This function is called by:
		_read_button
 This function uses a non-reentrant model


 *************** function _led_switch_on *****************
 Defined at:
		line 19 in file "ecu/led_files/led.c"
 Parameters:    Size  Location     Type
  led             2    8[COMRAM] PTR struct .
		 -> led(7), 
 Auto vars:     Size  Location     Type
		None
 Return value:  Size  Location     Type
                  1    wreg      void 
 Registers used:
		wreg, fsr2l, fsr2h, status,2, status,0, prodl, prodh, cstack
 Tracked objects:
		On entry : 
		On exit  : 
		Unchanged: 
 Data sizes:     COMRAM   BANK0   BANK1   BANK2   BANK3   BANK4   BANK5   BANK6   BANK7   BANK8   BANK9  BANK10  BANK11  BANK12  BANK13  BANK14  BANK15
      Params:         2       0       0       0       0       0       0       0       0       0       0       0       0       0       0       0       0
      Locals:         0       0       0       0       0       0       0       0       0       0       0       0       0       0       0       0       0
      Temps:          0       0       0       0       0       0       0       0       0       0       0       0       0       0       0       0       0
      Totals:         2       0       0       0       0       0       0       0       0       0       0       0       0       0       0       0       0
Total ram usage:        2 bytes
 Hardware stack levels used:    1
 Hardware stack levels required when called:    1
 This function calls:
		_write_pin
 This function is called by:
		_main
		_led_seq
 This function uses a non-reentrant model


 *************** function _led_switch_off *****************
 Defined at:
		line 29 in file "ecu/led_files/led.c"
 Parameters:    Size  Location     Type
  led             2    8[COMRAM] PTR struct .
		 -> led(7), 
 Auto vars:     Size  Location     Type
		None
 Return value:  Size  Location     Type
                  1    wreg      void 
 Registers used:
		wreg, fsr2l, fsr2h, status,2, status,0, prodl, prodh, cstack
 Tracked objects:
		On entry : 
		On exit  : 
		Unchanged: 
 Data sizes:     COMRAM   BANK0   BANK1   BANK2   BANK3   BANK4   BANK5   BANK6   BANK7   BANK8   BANK9  BANK10  BANK11  BANK12  BANK13  BANK14  BANK15
      Params:         2       0       0       0       0       0       0       0       0       0       0       0       0       0       0       0       0
      Locals:         0       0       0       0       0       0       0       0       0       0       0       0       0       0       0       0       0
      Temps:          0       0       0       0       0       0       0       0       0       0       0       0       0       0       0       0       0
      Totals:         2       0       0       0       0       0       0       0       0       0       0       0       0       0       0       0       0
Total ram usage:        2 bytes
 Hardware stack levels used:    1
 Hardware stack levels required when called:    1
 This function calls:
		_write_pin
 This function is called by:
		_main
 This function uses a non-reentrant model


 *************** function _led_init *****************
 Defined at:
		line 8 in file "ecu/led_files/led.c"
 Parameters:    Size  Location     Type
  led             2    8[COMRAM] PTR struct .
		 -> led(7), 
 Auto vars:     Size  Location     Type
		None
 Return value:  Size  Location     Type
                  1    wreg      void 
 Registers used:
		wreg, fsr2l, fsr2h, status,2, status,0, prodl, prodh, cstack
 Tracked objects:
		On entry : 
		On exit  : 
		Unchanged: 
 Data sizes:     COMRAM   BANK0   BANK1   BANK2   BANK3   BANK4   BANK5   BANK6   BANK7   BANK8   BANK9  BANK10  BANK11  BANK12  BANK13  BANK14  BANK15
      Params:         2       0       0       0       0       0       0       0       0       0       0       0       0       0       0       0       0
      Locals:         0       0       0       0       0       0       0       0       0       0       0       0       0       0       0       0       0
      Temps:          0       0       0       0       0       0       0       0       0       0       0       0       0       0       0       0       0
      Totals:         2       0       0       0       0       0       0       0       0       0       0       0       0       0       0       0       0
Total ram usage:        2 bytes
 Hardware stack levels used:    1
 Hardware stack levels required when called:    1
 This function calls:
		_set_pin_direction
		_write_pin
 This function is called by:
		_main
		_led_seq
 This function uses a non-reentrant model


 *************** function _write_pin *****************
 Defined at:
		line 37 in file "mcal/mcal_gpio.c"
 Parameters:    Size  Location     Type
  port_name       1    wreg     enum E2695
  pin_num         1    0[COMRAM] enum E2685
  pin_mode        1    1[COMRAM] enum E2702
 Auto vars:     Size  Location     Type
  port_name       1    7[COMRAM] enum E2695
 Return value:  Size  Location     Type
                  1    wreg      void 
 Registers used:
		wreg, fsr2l, fsr2h, status,2, status,0, prodl, prodh
 Tracked objects:
		On entry : 
		On exit  : 
		Unchanged: 
 Data sizes:     COMRAM   BANK0   BANK1   BANK2   BANK3   BANK4   BANK5   BANK6   BANK7   BANK8   BANK9  BANK10  BANK11  BANK12  BANK13  BANK14  BANK15
      Params:         2       0       0       0       0       0       0       0       0       0       0       0       0       0       0       0       0
      Locals:         1       0       0       0       0       0       0       0       0       0       0       0       0       0       0       0       0
      Temps:          5       0       0       0       0       0       0       0       0       0       0       0       0       0       0       0       0
      Totals:         8       0       0       0       0       0       0       0       0       0       0       0       0       0       0       0       0
Total ram usage:        8 bytes
 Hardware stack levels used:    1
 This function calls:
		Nothing
 This function is called by:
		_led_init
		_led_switch_on
		_led_switch_off
 This function uses a non-reentrant model


 *************** function _set_pin_direction *****************
 Defined at:
		line 15 in file "mcal/mcal_gpio.c"
 Parameters:    Size  Location     Type
  port_name       1    wreg     enum E2695
  pin_num         1    0[COMRAM] enum E2685
  direction       1    1[COMRAM] enum E2681
 Auto vars:     Size  Location     Type
  port_name       1    7[COMRAM] enum E2695
 Return value:  Size  Location     Type
                  1    wreg      void 
 Registers used:
		wreg, fsr2l, fsr2h, status,2, status,0, prodl, prodh
 Tracked objects:
		On entry : 
		On exit  : 
		Unchanged: 
 Data sizes:     COMRAM   BANK0   BANK1   BANK2   BANK3   BANK4   BANK5   BANK6   BANK7   BANK8   BANK9  BANK10  BANK11  BANK12  BANK13  BANK14  BANK15
      Params:         2       0       0       0       0       0       0       0       0       0       0       0       0       0       0       0       0
      Locals:         1       0       0       0       0       0       0       0       0       0       0       0       0       0       0       0       0
      Temps:          5       0       0       0       0       0       0       0       0       0       0       0       0       0       0       0       0
      Totals:         8       0       0       0       0       0       0       0       0       0       0       0       0       0       0       0       0
Total ram usage:        8 bytes
 Hardware stack levels used:    1
 This function calls:
		Nothing
 This function is called by:
		_led_init
		_button_init
 This function uses a non-reentrant model



MODULE INFORMATION

Module		Function		Class		Link	Load	Size
ecu/led_files/led.c
		_led_init      		CODE           	FB72	0000	78
		_led_switch_off		CODE           	FACE	0000	40
		_led_switch_on 		CODE           	FAF6	0000	40

ecu/led_files/led.c estimated size: 158

ecu/button/button.c
		_read_button   		CODE           	FB1E	0000	40

ecu/button/button.c estimated size: 40

mcal/mcal_gpio.c
		_set_pin_direction		CODE           	FC20	0000	184
		_read_pin      		CODE           	FBC0	0000	96
		_write_pin     		CODE           	FCD8	0000	184

mcal/mcal_gpio.c estimated size: 464

shared
		__initialization		CODE           	FB46	0000	34

shared estimated size: 34

application.c
		_main          		CODE           	FD90	0000	624

application.c estimated size: 624

